<?xml version="1.0" encoding="UTF-8"?>
<TestRun id="4a32b187-b942-4d42-8fb7-eef35d6633fa" name="parinya.c@PC_004 2012-02-10 14:59:56" runUser="CARPASSAD\parinya.c" xmlns="http://microsoft.com/schemas/VisualStudio/TeamTest/2010">
  <TestSettings name="Local" id="0497fe46-519b-456c-8b7f-9107314feec0">
    <Description>These are default test settings for a local test run.</Description>
    <Deployment enabled="false" runDeploymentRoot="parinya.c_PC_004 2012-02-10 14_59_56" />
    <Execution>
      <TestTypeSpecific />
      <AgentRule name="Execution Agents">
      </AgentRule>
    </Execution>
  </TestSettings>
  <Times creation="2012-02-10T14:59:56.9250985+07:00" queuing="2012-02-10T14:59:56.9718565+07:00" start="2012-02-10T14:59:56.9874425+07:00" finish="2012-02-10T14:59:57.8135005+07:00" />
  <ResultSummary outcome="Completed">
    <Counters total="1" executed="1" passed="1" error="0" failed="0" timeout="0" aborted="0" inconclusive="0" passedButRunAborted="0" notRunnable="0" notExecuted="0" disconnected="0" warning="0" completed="0" inProgress="0" pending="0" />
  </ResultSummary>
  <TestDefinitions>
    <UnitTest name="Story3Case" storage="d:\githubrepositories\agilesamurai\theworldstories\story3\bin\debug\story3.dll" id="f76c2c95-6b03-85e1-3346-7bbba72dbe7b">
      <Execution id="6593157f-21ab-4325-8229-2bdc0a98d2e0" />
      <TestMethod codeBase="D:/GithubRepositories/AgileSamurai/TheWorldStories/Story3/bin/Debug/Story3.DLL" adapterTypeName="Microsoft.VisualStudio.TestTools.TestTypes.Unit.UnitTestAdapter, Microsoft.VisualStudio.QualityTools.Tips.UnitTest.Adapter, Version=10.0.0.0, Culture=neutral, PublicKeyToken=b03f5f7f11d50a3a" className="Story3.Story3TestCase, Story3, Version=1.0.0.0, Culture=neutral, PublicKeyToken=null" name="Story3Case" />
    </UnitTest>
  </TestDefinitions>
  <TestLists>
    <TestList name="Results Not in a List" id="8c84fa94-04c1-424b-9868-57a2d4851a1d" />
    <TestList name="All Loaded Results" id="19431567-8539-422a-85d7-44ee4e166bda" />
  </TestLists>
  <TestEntries>
    <TestEntry testId="f76c2c95-6b03-85e1-3346-7bbba72dbe7b" executionId="6593157f-21ab-4325-8229-2bdc0a98d2e0" testListId="8c84fa94-04c1-424b-9868-57a2d4851a1d" />
  </TestEntries>
  <Results>
    <UnitTestResult executionId="6593157f-21ab-4325-8229-2bdc0a98d2e0" testId="f76c2c95-6b03-85e1-3346-7bbba72dbe7b" testName="Story3Case" computerName="PC_004" duration="00:00:00.0132797" startTime="2012-02-10T14:59:57.2212325+07:00" endTime="2012-02-10T14:59:57.7043985+07:00" testType="13cdc9d9-ddb5-4fa4-a97d-d965ccfc6d4b" outcome="Passed" testListId="8c84fa94-04c1-424b-9868-57a2d4851a1d" relativeResultsDirectory="6593157f-21ab-4325-8229-2bdc0a98d2e0">
      <Output>
        <StdOut>The Korean Girls’ Generation
poses
on
Red Carpet
at
The MNET Asian Music Awards ceremony
in
Singapore
last November</StdOut>
      </Output>
    </UnitTestResult>
  </Results>
</TestRun>